exports[`FilterLink fires event for supplied onClick handler 1`] = `
<a
  className="filter__button"
  href="#"
  onClick={[Function]}>
  All
</a>
`;

exports[`FilterLink fires event for supplied onClick handler 2`] = `
<a
  className="filter__button"
  href="#"
  onClick={[Function]}>
  All
</a>
`;

exports[`FilterLink renders as a span when isActive is true 1`] = `
<span
  className="filter__button filter__button--active">
  All
</span>
`;

exports[`FilterLink renders as with active css class when isActive is true 1`] = `
<span
  className="filter__button filter__button--active">
  All
</span>
`;

exports[`FilterLink renders correctly 1`] = `
<a
  className="filter__button"
  href="#"
  onClick={[Function]}>
  All
</a>
`;
